// Jest Snapshot v1, https://goo.gl/fbAQLP

exports[`<ProductShowcase /> should match snapshot 1`] = `
ShallowWrapper {
  Symbol(enzyme.__root__): [Circular],
  Symbol(enzyme.__unrendered__): <ProductShowcase
    products={
      Array [
        Object {
          "brand": "Sephora Collection",
          "description": "A gel lip gloss with plumped-up, light-reflecting shine.
",
          "image": "https://static-reg.lximg.com/images/product_images/closeup_34208_SephoraCollection_UltraShineLipGel_01PerfectNude_WEB_a0ea7cca39eec787b338105af4ff4a85097902bf_1523780022.png",
          "name": "Ultra Shine Lip Gel",
          "price": 19,
        },
        Object {
          "brand": "My Awesome Brand",
          "description": "Awesome Description",
          "image": "https://static-reg.lximg.com/images/product_images/closeup_34208_SephoraCollection_UltraShineLipGel_01PerfectNude_WEB_a0ea7cca39eec787b338105af4ff4a85097902bf_1523780022.png",
          "name": "Awesome Name",
          "price": 91,
        },
      ]
    }
  />,
  Symbol(enzyme.__renderer__): Object {
    "batchedUpdates": [Function],
    "checkPropTypes": [Function],
    "getNode": [Function],
    "render": [Function],
    "simulateError": [Function],
    "simulateEvent": [Function],
    "unmount": [Function],
  },
  Symbol(enzyme.__node__): Object {
    "instance": null,
    "key": undefined,
    "nodeType": "host",
    "props": Object {
      "children": Array [
        <div
          className="product-showcase-row"
        >
          <Link
            className="product-card-link"
            replace={false}
            to={
              Object {
                "pathname": "/product/undefined",
                "state": Object {
                  "product": Object {
                    "brand": "Sephora Collection",
                    "description": "A gel lip gloss with plumped-up, light-reflecting shine.
",
                    "image": "https://static-reg.lximg.com/images/product_images/closeup_34208_SephoraCollection_UltraShineLipGel_01PerfectNude_WEB_a0ea7cca39eec787b338105af4ff4a85097902bf_1523780022.png",
                    "name": "Ultra Shine Lip Gel",
                    "price": 19,
                  },
                },
              }
            }
          >
            <ProductCard
              brand="Sephora Collection"
              image="https://static-reg.lximg.com/images/product_images/closeup_34208_SephoraCollection_UltraShineLipGel_01PerfectNude_WEB_a0ea7cca39eec787b338105af4ff4a85097902bf_1523780022.png"
              name="Ultra Shine Lip Gel"
              price={19}
            />
          </Link>
          <Link
            className="product-card-link"
            replace={false}
            to={
              Object {
                "pathname": "/product/undefined",
                "state": Object {
                  "product": Object {
                    "brand": "My Awesome Brand",
                    "description": "Awesome Description",
                    "image": "https://static-reg.lximg.com/images/product_images/closeup_34208_SephoraCollection_UltraShineLipGel_01PerfectNude_WEB_a0ea7cca39eec787b338105af4ff4a85097902bf_1523780022.png",
                    "name": "Awesome Name",
                    "price": 91,
                  },
                },
              }
            }
          >
            <ProductCard
              brand="My Awesome Brand"
              image="https://static-reg.lximg.com/images/product_images/closeup_34208_SephoraCollection_UltraShineLipGel_01PerfectNude_WEB_a0ea7cca39eec787b338105af4ff4a85097902bf_1523780022.png"
              name="Awesome Name"
              price={91}
            />
          </Link>
        </div>,
      ],
      "className": "product-showcase-wrapper",
    },
    "ref": null,
    "rendered": Array [
      Object {
        "instance": null,
        "key": undefined,
        "nodeType": "host",
        "props": Object {
          "children": Array [
            <Link
              className="product-card-link"
              replace={false}
              to={
                Object {
                  "pathname": "/product/undefined",
                  "state": Object {
                    "product": Object {
                      "brand": "Sephora Collection",
                      "description": "A gel lip gloss with plumped-up, light-reflecting shine.
",
                      "image": "https://static-reg.lximg.com/images/product_images/closeup_34208_SephoraCollection_UltraShineLipGel_01PerfectNude_WEB_a0ea7cca39eec787b338105af4ff4a85097902bf_1523780022.png",
                      "name": "Ultra Shine Lip Gel",
                      "price": 19,
                    },
                  },
                }
              }
            >
              <ProductCard
                brand="Sephora Collection"
                image="https://static-reg.lximg.com/images/product_images/closeup_34208_SephoraCollection_UltraShineLipGel_01PerfectNude_WEB_a0ea7cca39eec787b338105af4ff4a85097902bf_1523780022.png"
                name="Ultra Shine Lip Gel"
                price={19}
              />
            </Link>,
            <Link
              className="product-card-link"
              replace={false}
              to={
                Object {
                  "pathname": "/product/undefined",
                  "state": Object {
                    "product": Object {
                      "brand": "My Awesome Brand",
                      "description": "Awesome Description",
                      "image": "https://static-reg.lximg.com/images/product_images/closeup_34208_SephoraCollection_UltraShineLipGel_01PerfectNude_WEB_a0ea7cca39eec787b338105af4ff4a85097902bf_1523780022.png",
                      "name": "Awesome Name",
                      "price": 91,
                    },
                  },
                }
              }
            >
              <ProductCard
                brand="My Awesome Brand"
                image="https://static-reg.lximg.com/images/product_images/closeup_34208_SephoraCollection_UltraShineLipGel_01PerfectNude_WEB_a0ea7cca39eec787b338105af4ff4a85097902bf_1523780022.png"
                name="Awesome Name"
                price={91}
              />
            </Link>,
          ],
          "className": "product-showcase-row",
        },
        "ref": null,
        "rendered": Array [
          Object {
            "instance": null,
            "key": undefined,
            "nodeType": "class",
            "props": Object {
              "children": <ProductCard
                brand="Sephora Collection"
                image="https://static-reg.lximg.com/images/product_images/closeup_34208_SephoraCollection_UltraShineLipGel_01PerfectNude_WEB_a0ea7cca39eec787b338105af4ff4a85097902bf_1523780022.png"
                name="Ultra Shine Lip Gel"
                price={19}
              />,
              "className": "product-card-link",
              "replace": false,
              "to": Object {
                "pathname": "/product/undefined",
                "state": Object {
                  "product": Object {
                    "brand": "Sephora Collection",
                    "description": "A gel lip gloss with plumped-up, light-reflecting shine.
",
                    "image": "https://static-reg.lximg.com/images/product_images/closeup_34208_SephoraCollection_UltraShineLipGel_01PerfectNude_WEB_a0ea7cca39eec787b338105af4ff4a85097902bf_1523780022.png",
                    "name": "Ultra Shine Lip Gel",
                    "price": 19,
                  },
                },
              },
            },
            "ref": null,
            "rendered": Object {
              "instance": null,
              "key": undefined,
              "nodeType": "class",
              "props": Object {
                "brand": "Sephora Collection",
                "image": "https://static-reg.lximg.com/images/product_images/closeup_34208_SephoraCollection_UltraShineLipGel_01PerfectNude_WEB_a0ea7cca39eec787b338105af4ff4a85097902bf_1523780022.png",
                "name": "Ultra Shine Lip Gel",
                "price": 19,
                "title": undefined,
              },
              "ref": null,
              "rendered": null,
              "type": [Function],
            },
            "type": [Function],
          },
          Object {
            "instance": null,
            "key": undefined,
            "nodeType": "class",
            "props": Object {
              "children": <ProductCard
                brand="My Awesome Brand"
                image="https://static-reg.lximg.com/images/product_images/closeup_34208_SephoraCollection_UltraShineLipGel_01PerfectNude_WEB_a0ea7cca39eec787b338105af4ff4a85097902bf_1523780022.png"
                name="Awesome Name"
                price={91}
              />,
              "className": "product-card-link",
              "replace": false,
              "to": Object {
                "pathname": "/product/undefined",
                "state": Object {
                  "product": Object {
                    "brand": "My Awesome Brand",
                    "description": "Awesome Description",
                    "image": "https://static-reg.lximg.com/images/product_images/closeup_34208_SephoraCollection_UltraShineLipGel_01PerfectNude_WEB_a0ea7cca39eec787b338105af4ff4a85097902bf_1523780022.png",
                    "name": "Awesome Name",
                    "price": 91,
                  },
                },
              },
            },
            "ref": null,
            "rendered": Object {
              "instance": null,
              "key": undefined,
              "nodeType": "class",
              "props": Object {
                "brand": "My Awesome Brand",
                "image": "https://static-reg.lximg.com/images/product_images/closeup_34208_SephoraCollection_UltraShineLipGel_01PerfectNude_WEB_a0ea7cca39eec787b338105af4ff4a85097902bf_1523780022.png",
                "name": "Awesome Name",
                "price": 91,
                "title": undefined,
              },
              "ref": null,
              "rendered": null,
              "type": [Function],
            },
            "type": [Function],
          },
        ],
        "type": "div",
      },
    ],
    "type": "div",
  },
  Symbol(enzyme.__nodes__): Array [
    Object {
      "instance": null,
      "key": undefined,
      "nodeType": "host",
      "props": Object {
        "children": Array [
          <div
            className="product-showcase-row"
          >
            <Link
              className="product-card-link"
              replace={false}
              to={
                Object {
                  "pathname": "/product/undefined",
                  "state": Object {
                    "product": Object {
                      "brand": "Sephora Collection",
                      "description": "A gel lip gloss with plumped-up, light-reflecting shine.
",
                      "image": "https://static-reg.lximg.com/images/product_images/closeup_34208_SephoraCollection_UltraShineLipGel_01PerfectNude_WEB_a0ea7cca39eec787b338105af4ff4a85097902bf_1523780022.png",
                      "name": "Ultra Shine Lip Gel",
                      "price": 19,
                    },
                  },
                }
              }
            >
              <ProductCard
                brand="Sephora Collection"
                image="https://static-reg.lximg.com/images/product_images/closeup_34208_SephoraCollection_UltraShineLipGel_01PerfectNude_WEB_a0ea7cca39eec787b338105af4ff4a85097902bf_1523780022.png"
                name="Ultra Shine Lip Gel"
                price={19}
              />
            </Link>
            <Link
              className="product-card-link"
              replace={false}
              to={
                Object {
                  "pathname": "/product/undefined",
                  "state": Object {
                    "product": Object {
                      "brand": "My Awesome Brand",
                      "description": "Awesome Description",
                      "image": "https://static-reg.lximg.com/images/product_images/closeup_34208_SephoraCollection_UltraShineLipGel_01PerfectNude_WEB_a0ea7cca39eec787b338105af4ff4a85097902bf_1523780022.png",
                      "name": "Awesome Name",
                      "price": 91,
                    },
                  },
                }
              }
            >
              <ProductCard
                brand="My Awesome Brand"
                image="https://static-reg.lximg.com/images/product_images/closeup_34208_SephoraCollection_UltraShineLipGel_01PerfectNude_WEB_a0ea7cca39eec787b338105af4ff4a85097902bf_1523780022.png"
                name="Awesome Name"
                price={91}
              />
            </Link>
          </div>,
        ],
        "className": "product-showcase-wrapper",
      },
      "ref": null,
      "rendered": Array [
        Object {
          "instance": null,
          "key": undefined,
          "nodeType": "host",
          "props": Object {
            "children": Array [
              <Link
                className="product-card-link"
                replace={false}
                to={
                  Object {
                    "pathname": "/product/undefined",
                    "state": Object {
                      "product": Object {
                        "brand": "Sephora Collection",
                        "description": "A gel lip gloss with plumped-up, light-reflecting shine.
",
                        "image": "https://static-reg.lximg.com/images/product_images/closeup_34208_SephoraCollection_UltraShineLipGel_01PerfectNude_WEB_a0ea7cca39eec787b338105af4ff4a85097902bf_1523780022.png",
                        "name": "Ultra Shine Lip Gel",
                        "price": 19,
                      },
                    },
                  }
                }
              >
                <ProductCard
                  brand="Sephora Collection"
                  image="https://static-reg.lximg.com/images/product_images/closeup_34208_SephoraCollection_UltraShineLipGel_01PerfectNude_WEB_a0ea7cca39eec787b338105af4ff4a85097902bf_1523780022.png"
                  name="Ultra Shine Lip Gel"
                  price={19}
                />
              </Link>,
              <Link
                className="product-card-link"
                replace={false}
                to={
                  Object {
                    "pathname": "/product/undefined",
                    "state": Object {
                      "product": Object {
                        "brand": "My Awesome Brand",
                        "description": "Awesome Description",
                        "image": "https://static-reg.lximg.com/images/product_images/closeup_34208_SephoraCollection_UltraShineLipGel_01PerfectNude_WEB_a0ea7cca39eec787b338105af4ff4a85097902bf_1523780022.png",
                        "name": "Awesome Name",
                        "price": 91,
                      },
                    },
                  }
                }
              >
                <ProductCard
                  brand="My Awesome Brand"
                  image="https://static-reg.lximg.com/images/product_images/closeup_34208_SephoraCollection_UltraShineLipGel_01PerfectNude_WEB_a0ea7cca39eec787b338105af4ff4a85097902bf_1523780022.png"
                  name="Awesome Name"
                  price={91}
                />
              </Link>,
            ],
            "className": "product-showcase-row",
          },
          "ref": null,
          "rendered": Array [
            Object {
              "instance": null,
              "key": undefined,
              "nodeType": "class",
              "props": Object {
                "children": <ProductCard
                  brand="Sephora Collection"
                  image="https://static-reg.lximg.com/images/product_images/closeup_34208_SephoraCollection_UltraShineLipGel_01PerfectNude_WEB_a0ea7cca39eec787b338105af4ff4a85097902bf_1523780022.png"
                  name="Ultra Shine Lip Gel"
                  price={19}
                />,
                "className": "product-card-link",
                "replace": false,
                "to": Object {
                  "pathname": "/product/undefined",
                  "state": Object {
                    "product": Object {
                      "brand": "Sephora Collection",
                      "description": "A gel lip gloss with plumped-up, light-reflecting shine.
",
                      "image": "https://static-reg.lximg.com/images/product_images/closeup_34208_SephoraCollection_UltraShineLipGel_01PerfectNude_WEB_a0ea7cca39eec787b338105af4ff4a85097902bf_1523780022.png",
                      "name": "Ultra Shine Lip Gel",
                      "price": 19,
                    },
                  },
                },
              },
              "ref": null,
              "rendered": Object {
                "instance": null,
                "key": undefined,
                "nodeType": "class",
                "props": Object {
                  "brand": "Sephora Collection",
                  "image": "https://static-reg.lximg.com/images/product_images/closeup_34208_SephoraCollection_UltraShineLipGel_01PerfectNude_WEB_a0ea7cca39eec787b338105af4ff4a85097902bf_1523780022.png",
                  "name": "Ultra Shine Lip Gel",
                  "price": 19,
                  "title": undefined,
                },
                "ref": null,
                "rendered": null,
                "type": [Function],
              },
              "type": [Function],
            },
            Object {
              "instance": null,
              "key": undefined,
              "nodeType": "class",
              "props": Object {
                "children": <ProductCard
                  brand="My Awesome Brand"
                  image="https://static-reg.lximg.com/images/product_images/closeup_34208_SephoraCollection_UltraShineLipGel_01PerfectNude_WEB_a0ea7cca39eec787b338105af4ff4a85097902bf_1523780022.png"
                  name="Awesome Name"
                  price={91}
                />,
                "className": "product-card-link",
                "replace": false,
                "to": Object {
                  "pathname": "/product/undefined",
                  "state": Object {
                    "product": Object {
                      "brand": "My Awesome Brand",
                      "description": "Awesome Description",
                      "image": "https://static-reg.lximg.com/images/product_images/closeup_34208_SephoraCollection_UltraShineLipGel_01PerfectNude_WEB_a0ea7cca39eec787b338105af4ff4a85097902bf_1523780022.png",
                      "name": "Awesome Name",
                      "price": 91,
                    },
                  },
                },
              },
              "ref": null,
              "rendered": Object {
                "instance": null,
                "key": undefined,
                "nodeType": "class",
                "props": Object {
                  "brand": "My Awesome Brand",
                  "image": "https://static-reg.lximg.com/images/product_images/closeup_34208_SephoraCollection_UltraShineLipGel_01PerfectNude_WEB_a0ea7cca39eec787b338105af4ff4a85097902bf_1523780022.png",
                  "name": "Awesome Name",
                  "price": 91,
                  "title": undefined,
                },
                "ref": null,
                "rendered": null,
                "type": [Function],
              },
              "type": [Function],
            },
          ],
          "type": "div",
        },
      ],
      "type": "div",
    },
  ],
  Symbol(enzyme.__options__): Object {
    "adapter": ReactSixteenAdapter {
      "options": Object {
        "enableComponentDidUpdateOnSetState": true,
        "legacyContextMode": "parent",
        "lifecycles": Object {
          "componentDidUpdate": Object {
            "onSetState": true,
          },
          "getChildContext": Object {
            "calledByRenderer": false,
          },
          "getDerivedStateFromProps": Object {
            "hasShouldComponentUpdateBug": false,
          },
          "getSnapshotBeforeUpdate": true,
          "setState": Object {
            "skipsComponentDidUpdateOnNullish": true,
          },
        },
      },
    },
  },
  Symbol(enzyme.__childContext__): null,
}
`;
